gthr-default.h:229:1:int __gthread_key_delete(__gthread_key_t)	16	static
i2c.cpp:15:7:void I2C1_EV_IRQHandler()	8	static
i2c.cpp:21:7:void I2C1_ER_IRQHandler()	8	static
i2c.cpp:28:1:I2CMaster::I2CMaster(I2C::BaseRegisterType)	16	static
i2c.cpp:89:5:int I2CMaster::sendBytes(I2CMaster::send_buffer_type, uint8_t)	24	static
i2c.cpp:118:6:void I2CMaster::EV_handler()	24	static
i2c.cpp:134:6:void I2CMaster::ER_handler()	16	static
reg_access_dynamic.h:21:21:static void dynamic_access<register_address_type, register_value_type>::reg_or(register_address_type, register_value_type) [with register_address_type = long unsigned int; register_value_type = long unsigned int]	16	static
reg_access_dynamic.h:22:21:static void dynamic_access<register_address_type, register_value_type>::reg_not(register_address_type, register_value_type) [with register_address_type = long unsigned int; register_value_type = long unsigned int]	16	static
reg_access_dynamic.h:17:21:static register_value_type dynamic_access<register_address_type, register_value_type>::reg_get(register_address_type) [with register_address_type = long unsigned int; register_value_type = long unsigned int]	16	static
reg_access_dynamic.h:19:21:static void dynamic_access<register_address_type, register_value_type>::reg_set(register_address_type, register_value_type) [with register_address_type = long unsigned int; register_value_type = unsigned char]	16	static
array:53:7:static constexpr _Tp& std::__array_traits<_Tp, _Nm>::_S_ref(const _Tp (&)[_Nm], std::size_t) [with _Tp = unsigned char; unsigned int _Nm = 17u]	16	static
array:181:7:std::array<_Tp, _Nm>::value_type& std::array<_Tp, _Nm>::operator[](std::array<_Tp, _Nm>::size_type) [with _Tp = unsigned char; unsigned int _Nm = 17u]	16	static
