gthr-default.h:229:1:int __gthread_key_delete(__gthread_key_t)	16	static
i2c.cpp:15:7:void I2C1_EV_IRQHandler()	8	static
i2c.cpp:21:7:void I2C1_ER_IRQHandler()	8	static
i2c.cpp:28:1:I2CMaster::I2CMaster(I2C::BaseRegisterType)	16	static
i2c.cpp:89:5:int I2CMaster::sendBytes(I2CMaster::send_buffer_type, uint8_t)	24	static
i2c.cpp:120:6:void I2CMaster::EV_handler()	16	static
i2c.cpp:142:6:void I2CMaster::ER_handler()	24	static
reg_access_dynamic.h:21:21:static void dynamic_access<register_address_type, register_value_type>::reg_or(register_address_type, register_value_type) [with register_address_type = long unsigned int; register_value_type = long unsigned int]	16	static
reg_access_dynamic.h:22:21:static void dynamic_access<register_address_type, register_value_type>::reg_not(register_address_type, register_value_type) [with register_address_type = long unsigned int; register_value_type = long unsigned int]	16	static
reg_access_dynamic.h:17:21:static register_value_type dynamic_access<register_address_type, register_value_type>::reg_get(register_address_type) [with register_address_type = long unsigned int; register_value_type = long unsigned int]	16	static
reg_access_dynamic.h:21:21:static void dynamic_access<register_address_type, register_value_type>::reg_or(register_address_type, register_value_type) [with register_address_type = long unsigned int; register_value_type = short unsigned int]	16	static
reg_access.h:33:17:static void reg_access<addr_type, reg_type, address, value>::reg_xor() [with addr_type = long unsigned int; reg_type = long unsigned int; addr_type address = 1073873940ul; reg_type value = 4096ul]	4	static
