core_cm4.h:1452:22:void NVIC_EnableIRQ(IRQn_Type)	16	static
core_cm4.h:1535:22:void NVIC_SetPriority(IRQn_Type, uint32_t)	16	static
main.cpp:67:7:void EXTI0_IRQHandler()	8	static
main.cpp:91:5:int main()	24	static
main.cpp:168:6:void Delay(uint32_t)	16	static
gpio.h:145:2:GPIO<gpio_bank, pinNumber, mode, outputType, outputSpeed, pullUpPullDown, alternateFunction>::GPIO() [with long unsigned int gpio_bank = 1073873920ul; long unsigned int pinNumber = 13ul; long unsigned int mode = 1ul; long unsigned int outputType = 0ul; long unsigned int outputSpeed = 1ul; long unsigned int pullUpPullDown = 0ul; long unsigned int alternateFunction = 0ul]	24	static
gpio.h:181:7:void GPIO<gpio_bank, pinNumber, mode, outputType, outputSpeed, pullUpPullDown, alternateFunction>::toggle() const [with long unsigned int gpio_bank = 1073873920ul; long unsigned int pinNumber = 13ul; long unsigned int mode = 1ul; long unsigned int outputType = 0ul; long unsigned int outputSpeed = 1ul; long unsigned int pullUpPullDown = 0ul; long unsigned int alternateFunction = 0ul]	16	static
gpio.h:145:2:GPIO<gpio_bank, pinNumber, mode, outputType, outputSpeed, pullUpPullDown, alternateFunction>::GPIO() [with long unsigned int gpio_bank = 1073874944ul; long unsigned int pinNumber = 14ul; long unsigned int mode = 0ul; long unsigned int outputType = 0ul; long unsigned int outputSpeed = 1ul; long unsigned int pullUpPullDown = 0ul; long unsigned int alternateFunction = 0ul]	24	static
reg_access_dynamic.h:21:21:static void dynamic_access<register_address_type, register_value_type>::reg_or(register_address_type, register_value_type) [with register_address_type = long unsigned int; register_value_type = long unsigned int]	16	static
reg_access.h:26:17:static void reg_access<addr_type, reg_type, address, value>::reg_or() [with addr_type = long unsigned int; reg_type = long unsigned int; addr_type address = 1073873924ul; reg_type value = 0ul]	4	static
reg_access.h:33:17:static void reg_access<addr_type, reg_type, address, value>::reg_xor() [with addr_type = long unsigned int; reg_type = long unsigned int; addr_type address = 1073873940ul; reg_type value = 4096ul]	4	static
reg_access.h:26:17:static void reg_access<addr_type, reg_type, address, value>::reg_or() [with addr_type = long unsigned int; reg_type = long unsigned int; addr_type address = 1073874948ul; reg_type value = 0ul]	4	static
